[2026-08-17T06:52:39.377Z] GET file:///Users/patmini/Downloads/AWS%20Solution%20Architect,%20Startups/master-website/pages/developer-advocacy.html → 200 (1ms, 15988B)
[2026-08-17T06:52:39.378Z] GET file:///Users/patmini/Downloads/AWS%20Solution%20Architect,%20Startups/master-website/styles/main.css → 200 (1ms, 33559B)
[2026-08-17T06:52:39.378Z] GET file:///Users/patmini/Downloads/AWS%20Solution%20Architect,%20Startups/master-website/scripts/main.js → 200 (2ms, 7810B)
[2026-08-17T06:52:39.380Z] GET https://fonts.googleapis.com/css2?family=Inter:wght@300;400;500;600;700;800;900&family=Space+Grotesk:wght@300;400;500;600;700&family=JetBrains+Mono:wght@400;500&display=swap → 200 (79ms, 1711B)
[2026-08-17T06:52:39.497Z] GET https://fonts.gstatic.com/s/spacegrotesk/v22/V8mDoQDjQSkFtoMM3T6r8E7mPbF4C_k3HqU.woff2 → 200 (34ms, 22862B)
[2026-08-17T06:52:39.497Z] GET https://fonts.gstatic.com/s/inter/v20/UcC73FwrK3iLTeHuS_nVMrMxCp50SjIa1ZL7W0Q5nw.woff2 → 200 (43ms, 48569B)
[2026-08-17T06:52:39.497Z] GET https://fonts.gstatic.com/s/jetbrainsmono/v24/tDbv2o-flEEny0FZhsfKu5WU4zr3E_BX0PnT8RD8yKwBNntkaToggR7BYRbKPxDcwgknk-4.woff2 → 200 (47ms, 31467B)
[2026-08-17T06:59:01.344Z] GET file:///Users/patmini/Downloads/AWS%20Solution%20Architect,%20Startups/master-website/pages/leadership/learn-be-curious.html → 200 (6ms, 12668B)
[2026-08-17T06:59:01.370Z] GET file:///Users/patmini/Downloads/AWS%20Solution%20Architect,%20Startups/master-website/styles/main.css → 200 (1ms, 33559B)
[2026-08-17T06:59:01.371Z] GET file:///Users/patmini/Downloads/AWS%20Solution%20Architect,%20Startups/master-website/styles/lp-detail.css → 200 (11ms, 8058B)
[2026-08-17T06:59:01.371Z] GET file:///Users/patmini/Downloads/AWS%20Solution%20Architect,%20Startups/master-website/scripts/main.js → 200 (12ms, 7810B)
[2026-08-17T06:59:01.380Z] GET https://www.youtube.com/embed/i1qmHT1eqws → 200 (115ms, ?B)
[2026-08-17T06:59:01.381Z] GET https://www.youtube.com/embed/OzEqQdD0AH8 → 200 (105ms, ?B)
[2026-08-17T06:59:01.382Z] GET https://fonts.googleapis.com/css2?family=Inter:wght@300;400;500;600;700;800;900&family=Space+Grotesk:wght@300;400;500;600;700&family=JetBrains+Mono:wght@400;500&display=swap → 200 (1ms, -698B)
[2026-08-17T06:59:01.439Z] GET https://fonts.gstatic.com/s/spacegrotesk/v22/V8mDoQDjQSkFtoMM3T6r8E7mPbF4C_k3HqU.woff2 → 200 (1ms, -815B)
[2026-08-17T06:59:01.439Z] GET https://fonts.gstatic.com/s/inter/v20/UcC73FwrK3iLTeHuS_nVMrMxCp50SjIa1ZL7W0Q5nw.woff2 → 200 (1ms, -815B)
[2026-08-17T06:59:01.439Z] GET https://fonts.gstatic.com/s/jetbrainsmono/v24/tDbv2o-flEEny0FZhsfKu5WU4zr3E_BX0PnT8RD8yKwBNntkaToggR7BYRbKPxDcwgknk-4.woff2 → 200 (1ms, -815B)
[2026-08-17T06:59:01.496Z] GET https://www.youtube.com/s/player/b0d2d49a/www-player.css → pending (?ms, ?B)
[2026-08-17T06:59:01.496Z] GET https://www.youtube.com/s/_/ytembeds/_/ss/k=ytembeds.base.hmdSdlM46Pc.L.W.O/am=AAAAQA/d=1/br=1/rs=AGKMywFLCbyM7Tp8LiBbmmME1kCPYRWAWw/m=root,base → pending (?ms, ?B)
[2026-08-17T06:59:01.496Z] GET https://www.youtube.com/s/_/ytembeds/_/js/k=ytembeds.base.en_US.m7yNuchRVDY.es5.O/am=AAAAQA/d=1/excm=base,root/br=1/rs=AGKMywEsMUavEkadG75X1zTBaQLx0r-Kfg/m=root,base → pending (?ms, ?B)
[2026-08-17T06:59:01.497Z] GET https://www.youtube.com/s/player/b0d2d49a/player_embed.vflset/en_US/base.js → pending (?ms, ?B)
[2026-08-17T06:59:01.499Z] GET https://fonts.gstatic.com/s/roboto/v48/KFO7CnqEu92Fr1ME7kSn66aGLdTylUAMa3yUBHMdazQ.woff2 → 200 (52ms, -815B)
[2026-08-17T06:59:01.499Z] GET https://www.youtube.com/s/player/b0d2d49a/www-player.css → 200 (11ms, 57980B)
[2026-08-17T06:59:01.499Z] GET https://www.youtube.com/s/_/ytembeds/_/ss/k=ytembeds.base.hmdSdlM46Pc.L.W.O/am=AAAAQA/d=1/br=1/rs=AGKMywFLCbyM7Tp8LiBbmmME1kCPYRWAWw/m=root,base → 200 (13ms, 410B)
[2026-08-17T06:59:01.499Z] GET https://www.youtube.com/s/_/ytembeds/_/js/k=ytembeds.base.en_US.m7yNuchRVDY.es5.O/am=AAAAQA/d=1/excm=base,root/br=1/rs=AGKMywEsMUavEkadG75X1zTBaQLx0r-Kfg/m=root,base → 200 (26ms, 177010B)
[2026-08-17T06:59:01.499Z] GET https://www.youtube.com/s/player/b0d2d49a/player_embed.vflset/en_US/base.js → 200 (54ms, -689B)
[2026-08-17T06:59:01.499Z] GET https://fonts.gstatic.com/s/roboto/v48/KFO7CnqEu92Fr1ME7kSn66aGLdTylUAMa3yUBHMdazQ.woff2 → 200 (51ms, 34700B)
[2026-08-17T06:59:01.571Z] GET https://googleads.g.doubleclick.net/pagead/id → 302 (101ms, ?B)
[2026-08-17T06:59:01.571Z] GET https://static.doubleclick.net/instream/ad_status.js → 200 (61ms, -723B)
[2026-08-17T06:59:01.571Z] GET https://www.youtube.com/s/_/ytembeds/_/js/k=ytembeds.base.en_US.m7yNuchRVDY.es5.O/ck=ytembeds.base.hmdSdlM46Pc.L.W.O/am=AAAAQA/d=1/exm=base,root/excm=base,root/ed=1/br=1/rs=AGKMywEvUQLGQzYStzgDU_3b3NtmjJnldw/m=r78Drb → 200 (61ms, -916B)
[2026-08-17T06:59:01.576Z] GET https://googleads.g.doubleclick.net/pagead/id → 302 (56ms, ?B)
[2026-08-17T06:59:01.576Z] GET https://static.doubleclick.net/instream/ad_status.js → 200 (56ms, 495B)
[2026-08-17T06:59:01.577Z] GET https://www.youtube.com/s/_/ytembeds/_/js/k=ytembeds.base.en_US.m7yNuchRVDY.es5.O/ck=ytembeds.base.hmdSdlM46Pc.L.W.O/am=AAAAQA/d=1/exm=base,root/excm=base,root/ed=1/br=1/rs=AGKMywEvUQLGQzYStzgDU_3b3NtmjJnldw/m=r78Drb → 200 (54ms, 260920B)
[2026-08-17T06:59:01.612Z] POST https://www.youtube.com/api/stats/qoe?cpn=rDMLTP15Eqoxa6HN&el=embedded&ns=yt&fexp=v1%2C24004644%2C494889%2C26564110%2C34656%2C124674%2C117689%2C9252%2C3479%2C13030%2C23206%2C100702%2C2877%2C12228%2C25059%2C4174%2C30447%2C18705%2C21437%2C4571%2C5238%2C7778%2C15425%2C662%2C9404%2C23826%2C9500%2C1840%2C18114%2C35517%2C3014%2C38193%2C20588%2C4200%2C30113%2C9181%2C15416%2C5449%2C24593%2C7525%2C366%2C5666%2C1168%2C372%2C7759%2C16452%2C3172%2C9369%2C5327%2C9866%2C1596%2C927%2C2249%2C273%2C11809%2C2042%2C9548%2C1461%2C756%2C4360%2C7243%2C5620%2C9717%2C1419%2C2194%2C188%2C3707%2C3301%2C2673%2C1094%2C652%2C2%2C9671%2C2963%2C2840%2C3291%2C1167%2C3%2C3%2C742%2C13602%2C1642%2C458%2C883%2C572%2C7500%2C2832%2C3243%2C10518%2C6824%2C6582%2C1691%2C6%2C758%2C8980%2C11880%2C4574%2C9935&cl=962860127&seq=1&event=streamingstats&docid=i1qmHT1eqws&cbrand=apple&cbr=HeadlessChrome&cbrver=145.0.7632.6&c=WEB_EMBEDDED_PLAYER&cver=2.20260813.01.00&cplayer=UNIPLAYER&cos=Macintosh&cosver=10_15_7&cplatform=DESKTOP&vps=0.000:N,0.000:ER&vis=0.000:0&cmt=0.000:0.000,0.000:0.000&bh=0.000:0.000,0.000:0.000&error=0.000:embedder.identity.missing.referrer::0.000:0;a6s.0&qclc=ChByRE1MVFAxNUVxb3hhNkhOEAE → 204 (20ms, ?B)
[2026-08-17T06:59:01.630Z] POST https://www.youtube.com/api/stats/qoe?cpn=neKfjiKO7FcXpTqp&el=embedded&ns=yt&fexp=v1%2C24004644%2C27058999%2C34656%2C124674%2C117689%2C9252%2C3479%2C13030%2C23206%2C68547%2C32155%2C2878%2C12227%2C25059%2C4174%2C30447%2C18705%2C21437%2C4571%2C5237%2C7778%2C13110%2C2978%2C9404%2C23826%2C9500%2C1840%2C29674%2C10926%2C13032%2C41206%2C20588%2C4200%2C30113%2C9181%2C15416%2C17458%2C12584%2C3228%2C4297%2C366%2C5666%2C1168%2C372%2C7758%2C16453%2C2378%2C10163%2C5327%2C9867%2C1595%2C927%2C2249%2C273%2C11809%2C2042%2C9547%2C1462%2C756%2C11603%2C5620%2C9716%2C1410%2C10%2C2194%2C3895%2C3301%2C2674%2C1093%2C652%2C2%2C15474%2C3292%2C1165%2C4%2C3%2C743%2C15244%2C457%2C882%2C573%2C10332%2C1261%2C1979%2C2%2C10519%2C6823%2C6582%2C1698%2C758%2C1537%2C7443%2C16455%2C6006%2C3928%2C8272&cl=962860127&seq=1&event=streamingstats&docid=OzEqQdD0AH8&cbrand=apple&cbr=HeadlessChrome&cbrver=145.0.7632.6&c=WEB_EMBEDDED_PLAYER&cver=2.20260813.01.00&cplayer=UNIPLAYER&cos=Macintosh&cosver=10_15_7&cplatform=DESKTOP&vps=0.000:N,0.000:ER&cmt=0.000:0.000,0.000:0.000&error=0.000:embedder.identity.missing.referrer::0.000:0;a6s.0&vis=0.000:0&bh=0.000:0.000&qclc=ChBuZUtmamlLTzdGY1hwVHFwEAE → 204 (54ms, ?B)
[2026-08-17T06:59:01.632Z] GET https://googleads.g.doubleclick.net/pagead/id?slf_rd=1 → 200 (56ms, 146B)
[2026-08-17T06:59:01.672Z] GET https://googleads.g.doubleclick.net/pagead/id?slf_rd=1 → 200 (?ms, 146B)
[2026-08-17T06:59:02.078Z] GET https://www.google.com/js/th/fZIf_uwLyS87EuxDeAmTLh7cjjPqU7zkHZHGL7mAuJM.js → 200 (80ms, -813B)
[2026-08-17T06:59:02.087Z] GET https://www.google.com/js/th/fZIf_uwLyS87EuxDeAmTLh7cjjPqU7zkHZHGL7mAuJM.js → 200 (53ms, 25165B)
[2026-08-17T06:59:02.203Z] GET https://www.youtube.com/generate_204?RSxOnQ → 204 (10ms, 10B)
[2026-08-17T06:59:02.204Z] GET https://www.youtube.com/generate_204?QxyRMA → 204 (9ms, 10B)
[2026-08-17T06:59:02.216Z] POST https://jnn-pa.googleapis.com/$rpc/google.internal.waa.v1.Waa/GenerateIT → 200 (94ms, 189B)
[2026-08-17T06:59:02.226Z] POST https://jnn-pa.googleapis.com/$rpc/google.internal.waa.v1.Waa/GenerateIT → 200 (72ms, 312B)
[2026-08-17T06:59:05.842Z] POST https://www.youtube.com/youtubei/v1/log_event?alt=json → 200 (44ms, 50B)
[2026-08-17T06:59:05.964Z] POST https://www.youtube.com/youtubei/v1/log_event?alt=json → 200 (19ms, 50B)
[2026-08-17T07:00:01.549Z] POST https://www.youtube.com/youtubei/v1/log_event?alt=json → 200 (80ms, 50B)
[2026-08-17T07:00:01.551Z] POST https://www.youtube.com/youtubei/v1/log_event?alt=json → 200 (77ms, 50B)
[2026-08-17T07:01:01.737Z] GET https://googleads.g.doubleclick.net/pagead/id → 302 (113ms, ?B)
[2026-08-17T07:01:01.737Z] GET https://googleads.g.doubleclick.net/pagead/id → 302 (94ms, ?B)
[2026-08-17T07:01:01.843Z] GET https://googleads.g.doubleclick.net/pagead/id?slf_rd=1 → 200 (11ms, 146B)
[2026-08-17T07:01:01.850Z] GET https://googleads.g.doubleclick.net/pagead/id?slf_rd=1 → 200 (?ms, 146B)
[2026-08-17T07:23:52.384Z] POST https://www.youtube.com/youtubei/v1/log_event?alt=json → pending (?ms, ?B)
[2026-08-17T07:23:52.388Z] GET file:///Users/patmini/Downloads/AWS%20Solution%20Architect,%20Startups/master-website/index.html → 200 (9ms, 17896B)
[2026-08-17T07:23:52.390Z] POST https://www.youtube.com/youtubei/v1/log_event?alt=json → pending (?ms, ?B)
[2026-08-17T07:23:52.429Z] GET file:///Users/patmini/Downloads/AWS%20Solution%20Architect,%20Startups/master-website/styles/main.css → 200 (11ms, 11609B)
[2026-08-17T07:23:52.442Z] GET https://fonts.googleapis.com/css2?family=Inter:wght@400;500;600;700;800&display=swap → 200 (70ms, 829B)
[2026-08-17T07:23:52.562Z] GET https://fonts.gstatic.com/s/inter/v20/UcC73FwrK3iLTeHuS_nVMrMxCp50SjIa1ZL7W0Q5nw.woff2 → 200 (?ms, -815B)
